E:\CODE_26\20180912\词频前10的优秀答案\DEBUG\HASHTABLE.OBJ
E:\CODE_26\20180912\词频前10的优秀答案\DEBUG\MAIN.OBJ
E:\CODE_26\20180912\词频前10的优秀答案\DEBUG\RBTREE.OBJ
E:\CODE_26\20180912\词频前10的优秀答案\DEBUG\VC110.PDB
E:\CODE_26\20180912\DEBUG\7.测试.ILK
E:\CODE_26\20180912\DEBUG\7.测试.EXE
E:\CODE_26\20180912\DEBUG\7.测试.PDB
E:\CODE_26\20180912\词频前10的优秀答案\Debug\HashTable.obj
E:\CODE_26\20180912\词频前10的优秀答案\Debug\main.obj
E:\CODE_26\20180912\词频前10的优秀答案\Debug\rbtree.obj
E:\CODE_26\20180912\词频前10的优秀答案\Debug\cl.command.1.tlog
E:\CODE_26\20180912\词频前10的优秀答案\Debug\CL.read.1.tlog
E:\CODE_26\20180912\词频前10的优秀答案\Debug\CL.write.1.tlog
E:\CODE_26\20180912\词频前10的优秀答案\Debug\link-cvtres.read.1.tlog
E:\CODE_26\20180912\词频前10的优秀答案\Debug\link-cvtres.write.1.tlog
E:\CODE_26\20180912\词频前10的优秀答案\Debug\link-rc.read.1.tlog
E:\CODE_26\20180912\词频前10的优秀答案\Debug\link-rc.write.1.tlog
E:\CODE_26\20180912\词频前10的优秀答案\Debug\link.command.1.tlog
E:\CODE_26\20180912\词频前10的优秀答案\Debug\link.read.1.tlog
E:\CODE_26\20180912\词频前10的优秀答案\Debug\link.write.1.tlog
E:\CODE_26\20180912\词频前10的优秀答案\Debug\vc110.idb
E:\CODE_26\20180912\词频前10的优秀答案\Debug\vc110.pdb
E:\CODE_26\20180912\Debug\7.测试.pdb
E:\CODE_26\20180912\Debug\7.测试.exe
E:\CODE_26\20180912\Debug\7.测试.ilk
